
pmiom
oij
